// Jest Snapshot v1, https://goo.gl/fbAQLP

exports[`Weapon utils calculateDamage Great Sword 1`] = `
[
  {
    "elementalDamage": 0.675,
    "koDamage": undefined,
    "rawDamage": 144.78750000000002,
    "totalDamage": 145,
  },
]
`;

exports[`Weapon utils calculateDamage Hammer 1`] = `
[
  {
    "elementalDamage": 0.675,
    "koDamage": 0,
    "rawDamage": 22.5,
    "totalDamage": 23,
  },
  {
    "elementalDamage": 0.675,
    "koDamage": 72,
    "rawDamage": 85.49999999999999,
    "totalDamage": 86,
  },
]
`;

exports[`Weapon utils calculateDamage Lance 1`] = `
[
  {
    "elementalDamage": 2.025,
    "koDamage": undefined,
    "rawDamage": 25.515000000000004,
    "totalDamage": 27,
  },
  {
    "elementalDamage": 2.025,
    "koDamage": undefined,
    "rawDamage": 25.515000000000004,
    "totalDamage": 27,
  },
  {
    "elementalDamage": 2.025,
    "koDamage": undefined,
    "rawDamage": 27.337500000000002,
    "totalDamage": 29,
  },
]
`;
